// Jest Snapshot v1, https://goo.gl/fbAQLP

exports[`filter dialog matches snapshot 1`] = `null`;
